---
source: crates/ccusage-adapter-all/src/tests.rs
expression: "report_json(&session.rows, AgentReportKind::Session)"
---
{
  "session": [
    {
      "agent": "claude-science",
      "cacheCreationTokens": 45,
      "cacheReadTokens": 65,
      "inputTokens": 300,
      "metadata": {
        "lastActivity": "2099-01-15T12:00:00.000Z"
      },
      "modelBreakdowns": [
        {
          "cacheCreationTokens": 45,
          "cacheReadTokens": 65,
          "cost": 0.0015382500000000003,
          "inputTokens": 300,
          "modelName": "claude-sonnet-4-5",
          "outputTokens": 30
        }
      ],
      "modelsUsed": [
        "claude-sonnet-4-5"
      ],
      "outputTokens": 30,
      "period": "frame-1",
      "totalCost": 0.0015382500000000003,
      "totalTokens": 440
    },
    {
      "agent": "claude-science",
      "cacheCreationTokens": 0,
      "cacheReadTokens": 10,
      "inputTokens": 50,
      "metadata": {
        "lastActivity": "2099-02-01T00:00:00.000Z"
      },
      "modelBreakdowns": [
        {
          "cacheCreationTokens": 0,
          "cacheReadTokens": 10,
          "cost": 0.00038,
          "inputTokens": 50,
          "modelName": "claude-opus-4-6",
          "outputTokens": 5
        }
      ],
      "modelsUsed": [
        "claude-opus-4-6"
      ],
      "outputTokens": 5,
      "period": "frame-3",
      "totalCost": 0.00038,
      "totalTokens": 65
    },
    {
      "agent": "claude-science",
      "cacheCreationTokens": 0,
      "cacheReadTokens": 5,
      "inputTokens": 40,
      "metadata": {
        "lastActivity": "2099-03-01T00:00:00.000Z"
      },
      "modelBreakdowns": [
        {
          "cacheCreationTokens": 0,
          "cacheReadTokens": 5,
          "cost": 0.00018150000000000002,
          "inputTokens": 40,
          "modelName": "claude-sonnet-4-5",
          "outputTokens": 4
        }
      ],
      "modelsUsed": [
        "claude-sonnet-4-5"
      ],
      "outputTokens": 4,
      "period": "frame-4",
      "totalCost": 0.00018150000000000002,
      "totalTokens": 49
    }
  ],
  "totals": {
    "cacheCreationTokens": 45,
    "cacheReadTokens": 80,
    "inputTokens": 390,
    "outputTokens": 39,
    "totalCost": 0.00209975,
    "totalTokens": 554
  }
}
