---
source: crates/ccusage/tests/openhands_cli.rs
expression: "format!(\"stdout:\\n{stdout}\\nstderr:\\n{stderr}\")"
---
stdout:

╭────────────────────────────────────────────╮
│                                            │
│        OpenHands Token Usage Report        │
│                                            │
╰────────────────────────────────────────────╯

┌──────────┬───────────────┬───────────┬───────────┬───────────────┬─────────────┬───────────────┬─────────────┐
│ Month    │ Models        │     Input │    Output │  Cache Create │  Cache Read │  Total Tokens │  Cost (USD) │
├──────────┼───────────────┼───────────┼───────────┼───────────────┼─────────────┼───────────────┼─────────────┤
│ 2026-01  │ - gpt-5       │       250 │        25 │            10 │          30 │           315 │       $0.00 │
│          │ - gpt-5-mini  │           │           │               │             │               │             │
│          │ - sonnet-4-5  │           │           │               │             │               │             │
├──────────┼───────────────┼───────────┼───────────┼───────────────┼─────────────┼───────────────┼─────────────┤
│ Total    │               │       250 │        25 │            10 │          30 │           315 │       $0.00 │
└──────────┴───────────────┴───────────┴───────────┴───────────────┴─────────────┴───────────────┴─────────────┘

stderr:
